[?25l[?1049h[2J[1;1H[1;1H[?25l[?1003h╭──────────────────────────────────────────────────────────────────────╮
│                                                                      │
│              [1;m🌐 XTreeGold - PostgreSQL Navigator[0m                     │
│                                                                      │
│  Select a connection or create a new one:                            │
│                                                                      │
│                                          > [;m🔧 Add New Connection...[0m  │
│    📁 Docker PostgreSQL (172.18.0.3:5432)                            │
│                                                                      │
│  [3;m↑/↓ Navigate | Enter Select | Escape Exit[0m                           │
│                                                                      │
╰──────────────────────────────────────────────────────────────────────╯[12;0H